// Jest Snapshot v1, https://goo.gl/fbAQLP

exports[`renders the url calculated by our internal function 1`] = `
<a
  href="/my/path"
  onClick={[Function]}
>
  Hello World!
</a>
`;
